// Jest Snapshot v1, https://goo.gl/fbAQLP

exports[`Switch Component should be in the on style 1`] = `
<div>
  <input
    checked={true}
    className="toggle-input"
    onChange={[Function]}
    type="checkbox"
  />
  <button
    aria-label="Toggle"
    className="toggle-btn
      toggle-btn-on"
    disabled={false}
    onClick={[MockFunction]}
  />
</div>
`;
