// Jest Snapshot v1, https://goo.gl/fbAQLP

exports[`Toggle Component should toggle state on 1`] = `
<Toggle
  onToggle={[Function]}
>
  <Switch
    on={false}
    onClick={[Function]}
  >
    <div>
      <input
        checked={false}
        className="toggle-input"
        onChange={[Function]}
        type="checkbox"
      />
      <button
        aria-label="Toggle"
        className="toggle-btn
      toggle-btn-off"
        disabled={false}
        onClick={[Function]}
      />
    </div>
  </Switch>
</Toggle>
`;
